mode: count
github.com/RomanAgaltsev/metronome/clock.go:16.34,16.55 1 558
github.com/RomanAgaltsev/metronome/clock.go:19.26,19.48 1 1
github.com/RomanAgaltsev/metronome/clock.go:29.47,31.2 1 2
github.com/RomanAgaltsev/metronome/clock.go:34.39,38.2 3 20
github.com/RomanAgaltsev/metronome/clock.go:41.48,45.2 3 1
github.com/RomanAgaltsev/metronome/driver.go:67.37,68.21 1 18
github.com/RomanAgaltsev/metronome/driver.go:68.21,69.43 1 1
github.com/RomanAgaltsev/metronome/driver.go:71.2,71.19 1 17
github.com/RomanAgaltsev/metronome/driver.go:71.19,72.41 1 1
github.com/RomanAgaltsev/metronome/driver.go:75.2,76.18 2 16
github.com/RomanAgaltsev/metronome/driver.go:76.18,78.3 1 4
github.com/RomanAgaltsev/metronome/driver.go:80.2,81.9 2 16
github.com/RomanAgaltsev/metronome/driver.go:82.19,83.31 1 15
github.com/RomanAgaltsev/metronome/driver.go:84.18,85.13 1 1
github.com/RomanAgaltsev/metronome/driver.go:88.2,89.18 2 16
github.com/RomanAgaltsev/metronome/driver.go:89.18,91.3 1 15
github.com/RomanAgaltsev/metronome/driver.go:93.2,100.3 1 16
github.com/RomanAgaltsev/metronome/driver.go:105.65,108.6 3 14
github.com/RomanAgaltsev/metronome/driver.go:108.6,109.10 1 42
github.com/RomanAgaltsev/metronome/driver.go:110.21,111.10 1 14
github.com/RomanAgaltsev/metronome/driver.go:112.14,113.79 1 28
github.com/RomanAgaltsev/metronome/driver.go:129.57,135.15 5 16
github.com/RomanAgaltsev/metronome/driver.go:135.15,135.45 1 14
github.com/RomanAgaltsev/metronome/driver.go:136.2,136.24 1 14
github.com/RomanAgaltsev/metronome/driver.go:136.24,137.16 1 48
github.com/RomanAgaltsev/metronome/driver.go:137.16,137.71 1 48
github.com/RomanAgaltsev/metronome/driver.go:140.2,140.12 1 14
github.com/RomanAgaltsev/metronome/driver.go:140.12,144.3 3 14
github.com/RomanAgaltsev/metronome/driver.go:145.2,145.12 1 14
github.com/RomanAgaltsev/metronome/driver.go:151.70,153.15 2 530
github.com/RomanAgaltsev/metronome/driver.go:153.15,154.31 1 530
github.com/RomanAgaltsev/metronome/driver.go:154.31,160.4 1 1
github.com/RomanAgaltsev/metronome/driver.go:162.2,163.24 2 530
github.com/RomanAgaltsev/metronome/driver.go:163.24,165.3 1 1
github.com/RomanAgaltsev/metronome/driver.go:166.2,166.12 1 529
github.com/RomanAgaltsev/metronome/driver_closed.go:15.127,16.6 1 48
github.com/RomanAgaltsev/metronome/driver_closed.go:16.6,17.47 1 578
github.com/RomanAgaltsev/metronome/driver_closed.go:17.47,19.4 1 48
github.com/RomanAgaltsev/metronome/driver_closed.go:20.3,21.52 2 530
github.com/RomanAgaltsev/metronome/driver_closed.go:21.52,24.4 2 0
github.com/RomanAgaltsev/metronome/driver_closed.go:25.3,26.10 2 530
github.com/RomanAgaltsev/metronome/driver_closed.go:27.19,28.54 1 530
github.com/RomanAgaltsev/metronome/driver_closed.go:28.54,30.5 1 10
github.com/RomanAgaltsev/metronome/driver_closed.go:31.21,32.10 1 0
github.com/RomanAgaltsev/metronome/pace.go:27.43,28.9 1 52
github.com/RomanAgaltsev/metronome/pace.go:29.23,30.28 1 5
github.com/RomanAgaltsev/metronome/pace.go:31.26,32.18 1 6
github.com/RomanAgaltsev/metronome/pace.go:33.20,34.28 1 4
github.com/RomanAgaltsev/metronome/pace.go:35.10,36.25 1 37
github.com/RomanAgaltsev/metronome/rate.go:18.47,18.68 1 21
github.com/RomanAgaltsev/metronome/rate.go:28.51,29.38 1 20
github.com/RomanAgaltsev/metronome/rate.go:29.38,31.3 1 2
github.com/RomanAgaltsev/metronome/rate.go:32.2,33.39 2 18
github.com/RomanAgaltsev/metronome/rate.go:49.53,51.30 2 3
github.com/RomanAgaltsev/metronome/rate.go:51.30,53.20 2 5
github.com/RomanAgaltsev/metronome/rate.go:53.20,55.4 1 2
github.com/RomanAgaltsev/metronome/rate.go:57.2,57.24 1 1
github.com/RomanAgaltsev/metronome/rate.go:57.24,59.3 1 0
github.com/RomanAgaltsev/metronome/rate.go:60.2,60.44 1 1
github.com/RomanAgaltsev/metronome/rate.go:70.45,74.2 3 4
github.com/RomanAgaltsev/metronome/rate.go:83.41,85.2 1 1006
github.com/RomanAgaltsev/metronome/rate.go:88.48,90.2 1 1011
github.com/RomanAgaltsev/metronome/result.go:19.32,19.55 1 204
github.com/RomanAgaltsev/metronome/result.go:40.37,42.2 1 0
github.com/RomanAgaltsev/metronome/runner.go:18.52,18.69 1 7531
github.com/RomanAgaltsev/metronome/runner.go:29.33,37.23 3 6
github.com/RomanAgaltsev/metronome/runner.go:37.23,38.19 1 8
github.com/RomanAgaltsev/metronome/runner.go:38.19,39.47 1 1
github.com/RomanAgaltsev/metronome/runner.go:41.3,41.20 1 7
github.com/RomanAgaltsev/metronome/runner.go:43.2,43.32 1 5
github.com/RomanAgaltsev/metronome/runner.go:43.32,44.80 1 2
github.com/RomanAgaltsev/metronome/runner.go:46.2,46.53 1 3
github.com/RomanAgaltsev/metronome/runner.go:46.53,50.24 2 3500
github.com/RomanAgaltsev/metronome/runner.go:50.24,52.13 2 4485
github.com/RomanAgaltsev/metronome/runner.go:52.13,54.5 1 3500
github.com/RomanAgaltsev/metronome/runner.go:56.3,56.38 1 0
github.com/RomanAgaltsev/metronome/stats.go:23.24,25.2 1 3
github.com/RomanAgaltsev/metronome/stats.go:28.34,32.18 4 202
github.com/RomanAgaltsev/metronome/stats.go:32.18,34.3 1 1
github.com/RomanAgaltsev/metronome/stats.go:38.2,42.26 3 202
github.com/RomanAgaltsev/metronome/stats.go:42.26,44.3 1 4
github.com/RomanAgaltsev/metronome/stats.go:45.2,45.49 1 202
github.com/RomanAgaltsev/metronome/stats.go:45.49,47.3 1 3
github.com/RomanAgaltsev/metronome/stats.go:48.2,48.27 1 202
github.com/RomanAgaltsev/metronome/stats.go:48.27,50.3 1 201
github.com/RomanAgaltsev/metronome/stats.go:55.37,60.14 5 3
github.com/RomanAgaltsev/metronome/stats.go:60.14,62.3 1 2
github.com/RomanAgaltsev/metronome/stats.go:63.2,64.17 2 3
github.com/RomanAgaltsev/metronome/stats.go:64.17,66.3 1 3
github.com/RomanAgaltsev/metronome/stats.go:67.2,67.38 1 3
github.com/RomanAgaltsev/metronome/stats.go:67.38,69.3 1 9
github.com/RomanAgaltsev/metronome/stats.go:70.2,73.3 1 3
